// Jest Snapshot v1, https://goo.gl/fbAQLP

exports[`<Chart />  chart should render correctly 1`] = `ShallowWrapper {}`;
